<imp>
  <k> . </k>
  <mem>
    n |-> 0
    s |-> 0
  </mem>
</imp>
